Processing: torch.Tensor.argwhere -> paddle.Tensor.nonzero
Successfully moved ./docs/api/paddle/nonzero_cn.rst to ./docs/api/paddle/Tensor/nonzero_cn.rst
LOGGING: torch.Tensor.argwhere Help  torch.Tensor.argwhere()
LOGGING: paddle.Tensor.nonzero Help  paddle.Tensor.nonzero(x, as_tuple=False)
Generated: /workspace/paddleDocs/docs/guides/model_convert/convert_from_pytorch/tools/test/invok_diff_only/torch.Tensor.argwhere.md
Processing: torch.Tensor.bernoulli -> paddle.bernoulli
LOGGING: torch.Tensor.bernoulli Help  torch.Tensor.bernoulli(*, generator=None)
LOGGING: paddle.bernoulli Help  paddle.bernoulli(x, name=None)
Generated: /workspace/paddleDocs/docs/guides/model_convert/convert_from_pytorch/tools/test/invok_diff_only/torch.Tensor.bernoulli.md
Processing: torch.Tensor.clamp_ -> paddle.Tensor.clip_
Successfully moved ./docs/api/paddle/clip__cn.rst to ./docs/api/paddle/Tensor/clip__cn.rst
LOGGING: torch.Tensor.clamp_ Help  torch.Tensor.clamp_(min=None, max=None)
LOGGING: paddle.Tensor.clip_ Help  paddle.Tensor.clip_(x, min=None, max=None, name=None)
Generated: /workspace/paddleDocs/docs/guides/model_convert/convert_from_pytorch/tools/test/invok_diff_only/torch.Tensor.clamp_.md
Processing: torch.Tensor.col_indices -> paddle.Tensor.cols
Error: RST file 'cols_cn.rst' not found in ./docs/api
LOGGING: torch.Tensor.col_indices Help  torch.Tensor.col_indices()
LOGGING: paddle.Tensor.cols Help  paddle.Tensor.cols(/)
Generated: /workspace/paddleDocs/docs/guides/model_convert/convert_from_pytorch/tools/test/invok_diff_only/torch.Tensor.col_indices.md
Processing: torch.Tensor.conj_physical -> paddle.Tensor.conj
Successfully moved ./docs/api/paddle/conj_cn.rst to ./docs/api/paddle/Tensor/conj_cn.rst
LOGGING: torch.Tensor.conj_physical Help  torch.Tensor.conj_physical()
LOGGING: paddle.Tensor.conj Help  paddle.Tensor.conj(x, name=None)
Generated: /workspace/paddleDocs/docs/guides/model_convert/convert_from_pytorch/tools/test/invok_diff_only/torch.Tensor.conj_physical.md
Processing: torch.Tensor.crow_indices -> paddle.Tensor.crows
Error: RST file 'crows_cn.rst' not found in ./docs/api
LOGGING: torch.Tensor.crow_indices Help  torch.Tensor.crow_indices()
LOGGING: paddle.Tensor.crows Help  paddle.Tensor.crows(/)
Generated: /workspace/paddleDocs/docs/guides/model_convert/convert_from_pytorch/tools/test/invok_diff_only/torch.Tensor.crow_indices.md
Processing: torch.Tensor.det -> paddle.linalg.det
LOGGING: torch.Tensor.det Help  torch.Tensor.det()
LOGGING: paddle.linalg.det Help  paddle.linalg.det(x, name=None)
Generated: /workspace/paddleDocs/docs/guides/model_convert/convert_from_pytorch/tools/test/invok_diff_only/torch.Tensor.det.md
Processing: torch.Tensor.erf_ -> paddle.erf_
LOGGING: torch.Tensor.erf_ Help  torch.Tensor.erf_()
LOGGING: paddle.erf_ Help  paddle.erf_(x, name=None)
Generated: /workspace/paddleDocs/docs/guides/model_convert/convert_from_pytorch/tools/test/invok_diff_only/torch.Tensor.erf_.md
Processing: torch.Tensor.expm1_ -> paddle.expm1_
LOGGING: torch.Tensor.expm1_ Help  torch.Tensor.expm1_()
LOGGING: paddle.expm1_ Help  paddle.expm1_(x, name=None)
Generated: /workspace/paddleDocs/docs/guides/model_convert/convert_from_pytorch/tools/test/invok_diff_only/torch.Tensor.expm1_.md
Processing: torch.Tensor.fix -> paddle.Tensor.trunc
Successfully moved ./docs/api/paddle/trunc_cn.rst to ./docs/api/paddle/Tensor/trunc_cn.rst
LOGGING: torch.Tensor.fix Help  torch.Tensor.fix()
LOGGING: paddle.Tensor.trunc Help  paddle.Tensor.trunc(input, name=None)
Generated: /workspace/paddleDocs/docs/guides/model_convert/convert_from_pytorch/tools/test/invok_diff_only/torch.Tensor.fix.md
Processing: torch.Tensor.fix_ -> paddle.Tensor.trunc_
Successfully moved ./docs/api/paddle/trunc__cn.rst to ./docs/api/paddle/Tensor/trunc__cn.rst
LOGGING: torch.Tensor.fix_ Help  torch.Tensor.fix_()
LOGGING: paddle.Tensor.trunc_ Help  paddle.Tensor.trunc_(input, name=None)
Generated: /workspace/paddleDocs/docs/guides/model_convert/convert_from_pytorch/tools/test/invok_diff_only/torch.Tensor.fix_.md
Processing: torch.Tensor.hardshrink -> paddle.nn.functional.hardshrink
LOGGING: torch.Tensor.hardshrink Help  torch.Tensor.hardshrink(lambd=0.5)
LOGGING: paddle.nn.functional.hardshrink Help  paddle.nn.functional.hardshrink(x, threshold=0.5, name=None)
Generated: /workspace/paddleDocs/docs/guides/model_convert/convert_from_pytorch/tools/test/invok_diff_only/torch.Tensor.hardshrink.md
Processing: torch.Tensor.is_inference -> paddle.Tensor.stop_gradient
Error: RST file 'stop_gradient_cn.rst' not found in ./docs/api
LOGGING: torch.Tensor.is_inference Help  torch.Tensor.is_inference()
Processing: torch.Tensor.lu_solve -> paddle.linalg.lu_solve
LOGGING: torch.Tensor.lu_solve Help  torch.Tensor.lu_solve(LU_data, LU_pivots)
Processing: torch.Tensor.matrix_exp -> paddle.linalg.matrix_exp
LOGGING: torch.Tensor.matrix_exp Help  torch.Tensor.matrix_exp()
Processing: torch.Tensor.movedim -> paddle.Tensor.moveaxis
Successfully moved ./docs/api/paddle/moveaxis_cn.rst to ./docs/api/paddle/Tensor/moveaxis_cn.rst
LOGGING: torch.Tensor.movedim Help  torch.Tensor.movedim(source, destination)
LOGGING: paddle.Tensor.moveaxis Help  paddle.Tensor.moveaxis(x, source, destination, name=None)
Generated: /workspace/paddleDocs/docs/guides/model_convert/convert_from_pytorch/tools/test/invok_diff_only/torch.Tensor.movedim.md
Processing: torch.Tensor.mvlgamma -> paddle.Tensor.multigammaln
Successfully moved ./docs/api/paddle/multigammaln_cn.rst to ./docs/api/paddle/Tensor/multigammaln_cn.rst
LOGGING: torch.Tensor.mvlgamma Help  torch.Tensor.mvlgamma(p)
LOGGING: paddle.Tensor.multigammaln Help  paddle.Tensor.multigammaln(x, p, name=None)
Generated: /workspace/paddleDocs/docs/guides/model_convert/convert_from_pytorch/tools/test/invok_diff_only/torch.Tensor.mvlgamma.md
Processing: torch.Tensor.mvlgamma_ -> paddle.Tensor.multigammaln_
Successfully moved ./docs/api/paddle/multigammaln__cn.rst to ./docs/api/paddle/Tensor/multigammaln__cn.rst
LOGGING: torch.Tensor.mvlgamma_ Help  torch.Tensor.mvlgamma_(p)
LOGGING: paddle.Tensor.multigammaln_ Help  paddle.Tensor.multigammaln_(x, p, name=None)
Generated: /workspace/paddleDocs/docs/guides/model_convert/convert_from_pytorch/tools/test/invok_diff_only/torch.Tensor.mvlgamma_.md
Processing: torch.Tensor.negative -> paddle.Tensor.neg
Warning: Multiple files named 'neg_cn.rst' found in ./docs/api. Not moving any.
LOGGING: torch.Tensor.negative Help  torch.Tensor.negative()
LOGGING: paddle.Tensor.neg Help  paddle.Tensor.neg(x, name=None)
Generated: /workspace/paddleDocs/docs/guides/model_convert/convert_from_pytorch/tools/test/invok_diff_only/torch.Tensor.negative.md
Processing: torch.Tensor.negative_ -> paddle.Tensor.neg_
Successfully moved ./docs/api/paddle/neg__cn.rst to ./docs/api/paddle/Tensor/neg__cn.rst
LOGGING: torch.Tensor.negative_ Help  torch.Tensor.negative_()
LOGGING: paddle.Tensor.neg_ Help  paddle.Tensor.neg_(x, name=None)
Generated: /workspace/paddleDocs/docs/guides/model_convert/convert_from_pytorch/tools/test/invok_diff_only/torch.Tensor.negative_.md
Processing: torch.Tensor.nelement -> paddle.Tensor.size
Error: RST file 'size_cn.rst' not found in ./docs/api
LOGGING: torch.Tensor.nelement Help  torch.Tensor.nelement()
Processing: torch.Tensor.numel -> paddle.Tensor.size
Error: RST file 'size_cn.rst' not found in ./docs/api
LOGGING: torch.Tensor.numel Help  torch.Tensor.numel()
Processing: torch.Tensor.ormqr -> paddle.linalg.ormqr
LOGGING: torch.Tensor.ormqr Help  torch.Tensor.ormqr(input2, input3, left=True, transpose=False)
Processing: torch.Tensor.pinverse -> paddle.Tensor.pinv
Successfully moved ./docs/api/paddle/linalg/pinv_cn.rst to ./docs/api/paddle/Tensor/pinv_cn.rst
LOGGING: torch.Tensor.pinverse Help  torch.Tensor.pinverse()
LOGGING: paddle.Tensor.pinv Help  paddle.Tensor.pinv(x, rcond=1e-15, hermitian=False, name=None)
Generated: /workspace/paddleDocs/docs/guides/model_convert/convert_from_pytorch/tools/test/invok_diff_only/torch.Tensor.pinverse.md
Processing: torch.Tensor.positive -> paddle.positive
LOGGING: torch.Tensor.positive Help  torch.Tensor.positive()
Processing: torch.Tensor.retain_grad -> paddle.Tensor.retain_grads
Error: RST file 'retain_grads_cn.rst' not found in ./docs/api
LOGGING: torch.Tensor.retain_grad Help  torch.Tensor.retain_grad()
LOGGING: paddle.Tensor.retain_grads Help  paddle.Tensor.retain_grads(/)
Generated: /workspace/paddleDocs/docs/guides/model_convert/convert_from_pytorch/tools/test/invok_diff_only/torch.Tensor.retain_grad.md
Processing: torch.Tensor.sparse_mask -> paddle.sparse.mask_as
LOGGING: torch.Tensor.sparse_mask Help  torch.Tensor.sparse_mask(mask)
Processing: torch.Tensor.square_ -> paddle.square_
LOGGING: torch.Tensor.square_ Help  torch.Tensor.square_()
LOGGING: paddle.square_ Help  paddle.square_(x, name=None)
Generated: /workspace/paddleDocs/docs/guides/model_convert/convert_from_pytorch/tools/test/invok_diff_only/torch.Tensor.square_.md
Processing: torch.Tensor.to_sparse -> paddle.Tensor.to_sparse_coo
Error: RST file 'to_sparse_coo_cn.rst' not found in ./docs/api
LOGGING: torch.Tensor.to_sparse Help  torch.Tensor.to_sparse(sparseDims)
LOGGING: paddle.Tensor.to_sparse_coo Help  paddle.Tensor.to_sparse_coo(sparse_dim)
Generated: /workspace/paddleDocs/docs/guides/model_convert/convert_from_pytorch/tools/test/invok_diff_only/torch.Tensor.to_sparse.md
Processing: torch.autograd.Function.forward -> paddle.autograd.PyLayer.forward
Error: RST file 'forward_cn.rst' not found in ./docs/api
LOGGING: torch.autograd.Function.forward Help  torch.autograd.Function.forward(*args, **kwargs)
LOGGING: paddle.autograd.PyLayer.forward Help  paddle.autograd.PyLayer.forward(ctx, *args, **kwargs)
Generated: /workspace/paddleDocs/docs/guides/model_convert/convert_from_pytorch/tools/test/invok_diff_only/torch.autograd.Function.forward.md
Processing: torch.autograd.enable_grad -> paddle.enable_grad
Generated: /workspace/paddleDocs/docs/guides/model_convert/convert_from_pytorch/tools/test/invok_diff_only/torch.autograd.enable_grad.md
Processing: torch.autograd.function.FunctionCtx -> paddle.autograd.PyLayerContext
Processing: torch.autograd.function.FunctionCtx.mark_non_differentiable -> paddle.autograd.PyLayerContext.mark_non_differentiable
Error: RST file 'mark_non_differentiable_cn.rst' not found in ./docs/api
LOGGING: torch.autograd.function.FunctionCtx.mark_non_differentiable Help  torch.autograd.function.FunctionCtx.mark_non_differentiable(*args)
LOGGING: paddle.autograd.PyLayerContext.mark_non_differentiable Help  paddle.autograd.PyLayerContext.mark_non_differentiable(*args)
Generated: /workspace/paddleDocs/docs/guides/model_convert/convert_from_pytorch/tools/test/invok_diff_only/torch.autograd.function.FunctionCtx.mark_non_differentiable.md
Processing: torch.autograd.function.FunctionCtx.save_for_backward -> paddle.autograd.PyLayerContext.save_for_backward
Error: RST file 'save_for_backward_cn.rst' not found in ./docs/api
LOGGING: torch.autograd.function.FunctionCtx.save_for_backward Help  torch.autograd.function.FunctionCtx.save_for_backward(*tensors)
LOGGING: paddle.autograd.PyLayerContext.save_for_backward Help  paddle.autograd.PyLayerContext.save_for_backward(*tensors)
Generated: /workspace/paddleDocs/docs/guides/model_convert/convert_from_pytorch/tools/test/invok_diff_only/torch.autograd.function.FunctionCtx.save_for_backward.md
Processing: torch.autograd.function.FunctionCtx.set_materialize_grads -> paddle.autograd.PyLayerContext.set_materialize_grads
Error: RST file 'set_materialize_grads_cn.rst' not found in ./docs/api
LOGGING: torch.autograd.function.FunctionCtx.set_materialize_grads Help  torch.autograd.function.FunctionCtx.set_materialize_grads(value)
LOGGING: paddle.autograd.PyLayerContext.set_materialize_grads Help  paddle.autograd.PyLayerContext.set_materialize_grads(value)
Generated: /workspace/paddleDocs/docs/guides/model_convert/convert_from_pytorch/tools/test/invok_diff_only/torch.autograd.function.FunctionCtx.set_materialize_grads.md
Processing: torch.autograd.grad_mode.set_grad_enabled -> paddle.set_grad_enabled
Processing: torch.autograd.graph.saved_tensors_hooks -> paddle.autograd.saved_tensors_hooks
Generated: /workspace/paddleDocs/docs/guides/model_convert/convert_from_pytorch/tools/test/invok_diff_only/torch.autograd.graph.saved_tensors_hooks.md
Processing: torch.backends.cuda.is_built -> paddle.device.is_compiled_with_cuda
Generated: /workspace/paddleDocs/docs/guides/model_convert/convert_from_pytorch/tools/test/invok_diff_only/torch.backends.cuda.is_built.md
Processing: torch.backends.cudnn.version -> paddle.device.get_cudnn_version
Generated: /workspace/paddleDocs/docs/guides/model_convert/convert_from_pytorch/tools/test/invok_diff_only/torch.backends.cudnn.version.md
Processing: torch.cpu.current_device -> paddle.get_device
Successfully moved ./docs/api/paddle/device/get_device_cn.rst to ./docs/api/paddle/get_device_cn.rst
Generated: /workspace/paddleDocs/docs/guides/model_convert/convert_from_pytorch/tools/test/invok_diff_only/torch.cpu.current_device.md
Processing: torch.cuda.Event -> paddle.device.cuda.Event
LOGGING: paddle.device.cuda.Event Help  paddle.device.cuda.Event(enable_timing, blocking, interprocess)
Generated: /workspace/paddleDocs/docs/guides/model_convert/convert_from_pytorch/tools/test/invok_diff_only/torch.cuda.Event.md
Processing: torch.cuda.StreamContext -> paddle.device.stream_guard
Generated: /workspace/paddleDocs/docs/guides/model_convert/convert_from_pytorch/tools/test/invok_diff_only/torch.cuda.StreamContext.md
Processing: torch.cuda.get_device_name -> paddle.device.cuda.get_device_name
LOGGING: torch.cuda.get_device_name Help  torch.cuda.get_device_name(device)
LOGGING: paddle.device.cuda.get_device_name Help  paddle.device.cuda.get_device_name(device=None)
Generated: /workspace/paddleDocs/docs/guides/model_convert/convert_from_pytorch/tools/test/invok_diff_only/torch.cuda.get_device_name.md
Processing: torch.cuda.get_rng_state_all -> paddle.get_rng_state
LOGGING: paddle.get_rng_state Help  paddle.get_rng_state(device=None)
Generated: /workspace/paddleDocs/docs/guides/model_convert/convert_from_pytorch/tools/test/invok_diff_only/torch.cuda.get_rng_state_all.md
Processing: torch.cuda.is_bf16_supported -> paddle.amp.is_bfloat16_supported
LOGGING: torch.cuda.is_bf16_supported Help  torch.cuda.is_bf16_supported(including_emulation)
LOGGING: paddle.amp.is_bfloat16_supported Help  paddle.amp.is_bfloat16_supported(device=None)
Generated: /workspace/paddleDocs/docs/guides/model_convert/convert_from_pytorch/tools/test/invok_diff_only/torch.cuda.is_bf16_supported.md
Processing: torch.cuda.manual_seed -> paddle.seed
LOGGING: torch.cuda.manual_seed Help  torch.cuda.manual_seed(seed)
LOGGING: paddle.seed Help  paddle.seed(seed)
Generated: /workspace/paddleDocs/docs/guides/model_convert/convert_from_pytorch/tools/test/invok_diff_only/torch.cuda.manual_seed.md
Processing: torch.cuda.max_memory_allocated -> paddle.device.cuda.max_memory_allocated
LOGGING: torch.cuda.max_memory_allocated Help  torch.cuda.max_memory_allocated(device)
LOGGING: paddle.device.cuda.max_memory_allocated Help  paddle.device.cuda.max_memory_allocated(device=None)
Generated: /workspace/paddleDocs/docs/guides/model_convert/convert_from_pytorch/tools/test/invok_diff_only/torch.cuda.max_memory_allocated.md
Processing: torch.cuda.max_memory_reserved -> paddle.device.cuda.max_memory_reserved
LOGGING: torch.cuda.max_memory_reserved Help  torch.cuda.max_memory_reserved(device)
LOGGING: paddle.device.cuda.max_memory_reserved Help  paddle.device.cuda.max_memory_reserved(device=None)
Generated: /workspace/paddleDocs/docs/guides/model_convert/convert_from_pytorch/tools/test/invok_diff_only/torch.cuda.max_memory_reserved.md
Processing: torch.cuda.nvtx.range_pop -> paddle.framework.core.nvprof_nvtx_pop
Error: RST file 'nvprof_nvtx_pop_cn.rst' not found in ./docs/api
LOGGING: paddle.framework.core.nvprof_nvtx_pop Help  paddle.framework.core.nvprof_nvtx_pop()
Generated: /workspace/paddleDocs/docs/guides/model_convert/convert_from_pytorch/tools/test/invok_diff_only/torch.cuda.nvtx.range_pop.md
Processing: torch.cuda.reset_max_memory_allocated -> paddle.device.cuda.reset_max_memory_allocated
LOGGING: torch.cuda.reset_max_memory_allocated Help  torch.cuda.reset_max_memory_allocated(device)
Processing: torch.cuda.reset_max_memory_cached -> paddle.device.cuda.reset_max_memory_reserved
LOGGING: torch.cuda.reset_max_memory_cached Help  torch.cuda.reset_max_memory_cached(device)
Processing: torch.cuda.set_stream -> paddle.device.set_stream
LOGGING: torch.cuda.set_stream Help  torch.cuda.set_stream(stream)
LOGGING: paddle.device.set_stream Help  paddle.device.set_stream(stream)
Generated: /workspace/paddleDocs/docs/guides/model_convert/convert_from_pytorch/tools/test/invok_diff_only/torch.cuda.set_stream.md
Processing: torch.cuda.stream -> paddle.device.stream_guard
LOGGING: torch.cuda.stream Help  torch.cuda.stream()
Generated: /workspace/paddleDocs/docs/guides/model_convert/convert_from_pytorch/tools/test/invok_diff_only/torch.cuda.stream.md
Processing: torch.distributed.ReduceOp -> paddle.distributed.ReduceOp
LOGGING: torch.distributed.ReduceOp Help  torch.distributed.ReduceOp(pybind11_builtins.pybind11_object)
Processing: torch.distributed.is_nccl_available -> paddle.core.is_compiled_with_nccl
Error: RST file 'is_compiled_with_nccl_cn.rst' not found in ./docs/api
LOGGING: paddle.core.is_compiled_with_nccl Help  paddle.core.is_compiled_with_nccl()
Generated: /workspace/paddleDocs/docs/guides/model_convert/convert_from_pytorch/tools/test/invok_diff_only/torch.distributed.is_nccl_available.md
Processing: torch.distributions.constraints.Constraint -> paddle.distribution.constraint.Constraint
Error: RST file 'Constraint_cn.rst' not found in ./docs/api
Generated: /workspace/paddleDocs/docs/guides/model_convert/convert_from_pytorch/tools/test/invok_diff_only/torch.distributions.constraints.Constraint.md
Processing: torch.distributions.distribution.Distribution.log_prob -> paddle.distribution.Distribution.log_prob
Error: RST file 'log_prob_cn.rst' not found in ./docs/api
LOGGING: torch.distributions.distribution.Distribution.log_prob Help  torch.distributions.distribution.Distribution.log_prob(value)
LOGGING: paddle.distribution.Distribution.log_prob Help  paddle.distribution.Distribution.log_prob(value)
Processing: torch.distributions.kl.kl_divergence -> paddle.distribution.kl_divergence
LOGGING: torch.distributions.kl.kl_divergence Help  torch.distributions.kl.kl_divergence(p, q)
LOGGING: paddle.distribution.kl_divergence Help  paddle.distribution.kl_divergence(p, q)
Generated: /workspace/paddleDocs/docs/guides/model_convert/convert_from_pytorch/tools/test/invok_diff_only/torch.distributions.kl.kl_divergence.md
Processing: torch.is_inference -> paddle.Tensor.stop_gradient
Error: RST file 'stop_gradient_cn.rst' not found in ./docs/api
LOGGING: torch.is_inference Help  torch.is_inference(input)
Processing: torch.max -> paddle.compat.max
LOGGING: torch.max Help  torch.max(input, *, out=None)
Processing: torch.median -> paddle.compat.median
LOGGING: torch.median Help  torch.median(input)
Processing: torch.min -> paddle.compat.min
LOGGING: torch.min Help  torch.min(input, *, out=None)
Processing: torch.nanmedian -> paddle.compat.nanmedian
LOGGING: torch.nanmedian Help  torch.nanmedian(input)
Processing: torch.nn.AdaptiveAvgPool1d -> paddle.nn.AdaptiveAvgPool1D
Generated: /workspace/paddleDocs/docs/guides/model_convert/convert_from_pytorch/tools/test/invok_diff_only/torch.nn.AdaptiveAvgPool1d.md
Processing: torch.nn.AdaptiveAvgPool2d -> paddle.nn.AdaptiveAvgPool2D
Generated: /workspace/paddleDocs/docs/guides/model_convert/convert_from_pytorch/tools/test/invok_diff_only/torch.nn.AdaptiveAvgPool2d.md
Processing: torch.nn.AdaptiveAvgPool3d -> paddle.nn.AdaptiveAvgPool3D
Generated: /workspace/paddleDocs/docs/guides/model_convert/convert_from_pytorch/tools/test/invok_diff_only/torch.nn.AdaptiveAvgPool3d.md
Processing: torch.nn.HuberLoss -> paddle.nn.SmoothL1Loss
Generated: /workspace/paddleDocs/docs/guides/model_convert/convert_from_pytorch/tools/test/invok_diff_only/torch.nn.HuberLoss.md
Processing: torch.nn.MaxUnpool1d -> paddle.nn.MaxUnPool1D
Generated: /workspace/paddleDocs/docs/guides/model_convert/convert_from_pytorch/tools/test/invok_diff_only/torch.nn.MaxUnpool1d.md
Processing: torch.nn.MaxUnpool2d -> paddle.nn.MaxUnPool2D
Generated: /workspace/paddleDocs/docs/guides/model_convert/convert_from_pytorch/tools/test/invok_diff_only/torch.nn.MaxUnpool2d.md
Processing: torch.nn.MaxUnpool3d -> paddle.nn.MaxUnPool3D
Generated: /workspace/paddleDocs/docs/guides/model_convert/convert_from_pytorch/tools/test/invok_diff_only/torch.nn.MaxUnpool3d.md
Processing: torch.nn.Module -> paddle.nn.Layer
Generated: /workspace/paddleDocs/docs/guides/model_convert/convert_from_pytorch/tools/test/invok_diff_only/torch.nn.Module.md
Processing: torch.nn.Module.apply -> paddle.nn.Layer.apply
Error: RST file 'apply_cn.rst' not found in ./docs/api
LOGGING: torch.nn.Module.apply Help  torch.nn.Module.apply()
LOGGING: paddle.nn.Layer.apply Help  paddle.nn.Layer.apply(fn)
Generated: /workspace/paddleDocs/docs/guides/model_convert/convert_from_pytorch/tools/test/invok_diff_only/torch.nn.Module.apply.md
Processing: torch.nn.Module.children -> paddle.nn.Layer.children
Error: RST file 'children_cn.rst' not found in ./docs/api
LOGGING: torch.nn.Module.children Help  torch.nn.Module.children()
LOGGING: paddle.nn.Layer.children Help  paddle.nn.Layer.children()
Generated: /workspace/paddleDocs/docs/guides/model_convert/convert_from_pytorch/tools/test/invok_diff_only/torch.nn.Module.children.md
Processing: torch.nn.Module.eval -> paddle.nn.Layer.eval
Error: RST file 'eval_cn.rst' not found in ./docs/api
LOGGING: torch.nn.Module.eval Help  torch.nn.Module.eval()
LOGGING: paddle.nn.Layer.eval Help  paddle.nn.Layer.eval()
Generated: /workspace/paddleDocs/docs/guides/model_convert/convert_from_pytorch/tools/test/invok_diff_only/torch.nn.Module.eval.md
Processing: torch.nn.Module.modules -> paddle.nn.Layer.sublayers
Error: RST file 'sublayers_cn.rst' not found in ./docs/api
LOGGING: torch.nn.Module.modules Help  torch.nn.Module.modules()
LOGGING: paddle.nn.Layer.sublayers Help  paddle.nn.Layer.sublayers(include_self=False)
Generated: /workspace/paddleDocs/docs/guides/model_convert/convert_from_pytorch/tools/test/invok_diff_only/torch.nn.Module.modules.md
Processing: torch.nn.Module.named_children -> paddle.nn.Layer.named_children
Error: RST file 'named_children_cn.rst' not found in ./docs/api
LOGGING: torch.nn.Module.named_children Help  torch.nn.Module.named_children()
LOGGING: paddle.nn.Layer.named_children Help  paddle.nn.Layer.named_children()
Generated: /workspace/paddleDocs/docs/guides/model_convert/convert_from_pytorch/tools/test/invok_diff_only/torch.nn.Module.named_children.md
Processing: torch.nn.Module.train -> paddle.nn.Layer.train
Error: RST file 'train_cn.rst' not found in ./docs/api
LOGGING: torch.nn.Module.train Help  torch.nn.Module.train(mode)
LOGGING: paddle.nn.Layer.train Help  paddle.nn.Layer.train()
Generated: /workspace/paddleDocs/docs/guides/model_convert/convert_from_pytorch/tools/test/invok_diff_only/torch.nn.Module.train.md
Processing: torch.nn.Unfold -> paddle.compat.Unfold
Processing: torch.nn.UpsamplingBilinear2d -> paddle.nn.UpsamplingBilinear2D
Generated: /workspace/paddleDocs/docs/guides/model_convert/convert_from_pytorch/tools/test/invok_diff_only/torch.nn.UpsamplingBilinear2d.md
Processing: torch.nn.UpsamplingNearest2d -> paddle.nn.UpsamplingNearest2D
Generated: /workspace/paddleDocs/docs/guides/model_convert/convert_from_pytorch/tools/test/invok_diff_only/torch.nn.UpsamplingNearest2d.md
Processing: torch.nn.ZeroPad2d -> paddle.nn.ZeroPad2D
Generated: /workspace/paddleDocs/docs/guides/model_convert/convert_from_pytorch/tools/test/invok_diff_only/torch.nn.ZeroPad2d.md
Processing: torch.nn.functional.pad -> paddle.compat.pad
LOGGING: torch.nn.functional.pad Help  torch.nn.functional.pad(input, pad, mode, value)
Processing: torch.nn.functional.softmax -> paddle.compat.softmax
LOGGING: torch.nn.functional.softmax Help  torch.nn.functional.softmax(input, dim, _stacklevel, dtype)
Processing: torch.numel -> paddle.Tensor.size
Error: RST file 'size_cn.rst' not found in ./docs/api
LOGGING: torch.numel Help  torch.numel(input)
Processing: torch.optim.Optimizer.add_param_group -> paddle.optimizer.Optimizer._add_param_group
Error: RST file '_add_param_group_cn.rst' not found in ./docs/api
LOGGING: torch.optim.Optimizer.add_param_group Help  torch.optim.Optimizer.add_param_group(param_group)
LOGGING: paddle.optimizer.Optimizer._add_param_group Help  paddle.optimizer.Optimizer._add_param_group(param_group)
Processing: torch.optim.Optimizer.load_state_dict -> paddle.optimizer.Optimizer.load_state_dict
Successfully moved ./docs/api/paddle/distributed/load_state_dict_cn.rst to ./docs/api/paddle/optimizer/Optimizer/load_state_dict_cn.rst
LOGGING: torch.optim.Optimizer.load_state_dict Help  torch.optim.Optimizer.load_state_dict(state_dict)
Processing: torch.optim.Optimizer.state_dict -> paddle.optimizer.Optimizer.state_dict
Error: RST file 'state_dict_cn.rst' not found in ./docs/api
LOGGING: torch.optim.Optimizer.state_dict Help  torch.optim.Optimizer.state_dict()
LOGGING: paddle.optimizer.Optimizer.state_dict Help  paddle.optimizer.Optimizer.state_dict()
Generated: /workspace/paddleDocs/docs/guides/model_convert/convert_from_pytorch/tools/test/invok_diff_only/torch.optim.Optimizer.state_dict.md
Processing: torch.optim.Optimizer.step -> paddle.optimizer.Optimizer.step
Error: RST file 'step_cn.rst' not found in ./docs/api
LOGGING: torch.optim.Optimizer.step Help  torch.optim.Optimizer.step(closure)
LOGGING: paddle.optimizer.Optimizer.step Help  paddle.optimizer.Optimizer.step()
Generated: /workspace/paddleDocs/docs/guides/model_convert/convert_from_pytorch/tools/test/invok_diff_only/torch.optim.Optimizer.step.md
Processing: torch.sort -> paddle.compat.sort
LOGGING: torch.sort Help  torch.sort(input, dim=-1, descending=False, stable=False, *, out=None)
Processing: torch.split -> paddle.compat.split
LOGGING: torch.split Help  torch.split(tensor, split_size_or_sections, dim)
Processing: torch.utils.data.ChainDataset -> paddle.io.ChainDataset
Generated: /workspace/paddleDocs/docs/guides/model_convert/convert_from_pytorch/tools/test/invok_diff_only/torch.utils.data.ChainDataset.md
Processing: torch.utils.data.ConcatDataset -> paddle.io.ConcatDataset
Generated: /workspace/paddleDocs/docs/guides/model_convert/convert_from_pytorch/tools/test/invok_diff_only/torch.utils.data.ConcatDataset.md
Processing: torch.utils.data.Dataset -> paddle.io.Dataset
Generated: /workspace/paddleDocs/docs/guides/model_convert/convert_from_pytorch/tools/test/invok_diff_only/torch.utils.data.Dataset.md
Processing: torch.utils.data.IterableDataset -> paddle.io.IterableDataset
Generated: /workspace/paddleDocs/docs/guides/model_convert/convert_from_pytorch/tools/test/invok_diff_only/torch.utils.data.IterableDataset.md
Processing: torch.utils.data.Sampler -> paddle.io.Sampler
Generated: /workspace/paddleDocs/docs/guides/model_convert/convert_from_pytorch/tools/test/invok_diff_only/torch.utils.data.Sampler.md
Processing: torch.utils.data.SequentialSampler -> paddle.io.SequenceSampler
Generated: /workspace/paddleDocs/docs/guides/model_convert/convert_from_pytorch/tools/test/invok_diff_only/torch.utils.data.SequentialSampler.md
Processing: torch.utils.data.Subset -> paddle.io.Subset
Processing: torch.utils.data.default_collate -> paddle.io.dataloader.collate.default_collate_fn
Error: RST file 'default_collate_fn_cn.rst' not found in ./docs/api
LOGGING: torch.utils.data.default_collate Help  torch.utils.data.default_collate(batch)
LOGGING: paddle.io.dataloader.collate.default_collate_fn Help  paddle.io.dataloader.collate.default_collate_fn(batch)
Generated: /workspace/paddleDocs/docs/guides/model_convert/convert_from_pytorch/tools/test/invok_diff_only/torch.utils.data.default_collate.md
Processing: torch.utils.data.get_worker_info -> paddle.io.get_worker_info
Generated: /workspace/paddleDocs/docs/guides/model_convert/convert_from_pytorch/tools/test/invok_diff_only/torch.utils.data.get_worker_info.md
Processing: torch.utils.data.random_split -> paddle.io.random_split
LOGGING: torch.utils.data.random_split Help  torch.utils.data.random_split(dataset, lengths, generator)
LOGGING: paddle.io.random_split Help  paddle.io.random_split(dataset, lengths, generator=None)
Generated: /workspace/paddleDocs/docs/guides/model_convert/convert_from_pytorch/tools/test/invok_diff_only/torch.utils.data.random_split.md
Processing: torchvision.io.ImageReadMode.GRAY -> 'gray'
Error: RST file ''gray'_cn.rst' not found in ./docs/api
Processing: torchvision.io.ImageReadMode.RGB -> 'rgb'
Error: RST file ''rgb'_cn.rst' not found in ./docs/api
Processing: torchvision.io.ImageReadMode.UNCHANGED -> 'unchanged'
Error: RST file ''unchanged'_cn.rst' not found in ./docs/api
Processing: torchvision.models.AlexNet_Weights.DEFAULT -> 'DEFAULT'
Error: RST file ''DEFAULT'_cn.rst' not found in ./docs/api
Processing: torchvision.models.AlexNet_Weights.IMAGENET1K_V1 -> 'IMAGENET1K_V1'
Error: RST file ''IMAGENET1K_V1'_cn.rst' not found in ./docs/api
Processing: torchvision.models.DenseNet121_Weights.DEFAULT -> 'DEFAULT'
Error: RST file ''DEFAULT'_cn.rst' not found in ./docs/api
Processing: torchvision.models.DenseNet121_Weights.IMAGENET1K_V1 -> 'IMAGENET1K_V1'
Error: RST file ''IMAGENET1K_V1'_cn.rst' not found in ./docs/api
Processing: torchvision.models.DenseNet161_Weights.DEFAULT -> 'DEFAULT'
Error: RST file ''DEFAULT'_cn.rst' not found in ./docs/api
Processing: torchvision.models.DenseNet161_Weights.IMAGENET1K_V1 -> 'IMAGENET1K_V1'
Error: RST file ''IMAGENET1K_V1'_cn.rst' not found in ./docs/api
Processing: torchvision.models.DenseNet169_Weights.DEFAULT -> 'DEFAULT'
Error: RST file ''DEFAULT'_cn.rst' not found in ./docs/api
Processing: torchvision.models.DenseNet169_Weights.IMAGENET1K_V1 -> 'IMAGENET1K_V1'
Error: RST file ''IMAGENET1K_V1'_cn.rst' not found in ./docs/api
Processing: torchvision.models.DenseNet201_Weights.DEFAULT -> 'DEFAULT'
Error: RST file ''DEFAULT'_cn.rst' not found in ./docs/api
Processing: torchvision.models.DenseNet201_Weights.IMAGENET1K_V1 -> 'IMAGENET1K_V1'
Error: RST file ''IMAGENET1K_V1'_cn.rst' not found in ./docs/api
Processing: torchvision.models.GoogLeNet_Weights.DEFAULT -> 'DEFAULT'
Error: RST file ''DEFAULT'_cn.rst' not found in ./docs/api
Processing: torchvision.models.GoogLeNet_Weights.IMAGENET1K_V1 -> 'IMAGENET1K_V1'
Error: RST file ''IMAGENET1K_V1'_cn.rst' not found in ./docs/api
Processing: torchvision.models.Inception_V3_Weights.DEFAULT -> 'DEFAULT'
Error: RST file ''DEFAULT'_cn.rst' not found in ./docs/api
Processing: torchvision.models.Inception_V3_Weights.IMAGENET1K_V1 -> 'IMAGENET1K_V1'
Error: RST file ''IMAGENET1K_V1'_cn.rst' not found in ./docs/api
Processing: torchvision.models.MobileNet_V2_Weights.DEFAULT -> 'DEFAULT'
Error: RST file ''DEFAULT'_cn.rst' not found in ./docs/api
Processing: torchvision.models.MobileNet_V2_Weights.IMAGENET1K_V1 -> 'IMAGENET1K_V1'
Error: RST file ''IMAGENET1K_V1'_cn.rst' not found in ./docs/api
Processing: torchvision.models.MobileNet_V2_Weights.IMAGENET1K_V2 -> 'IMAGENET1K_V2'
Error: RST file ''IMAGENET1K_V2'_cn.rst' not found in ./docs/api
Processing: torchvision.models.MobileNet_V3_Large_Weights.DEFAULT -> 'DEFAULT'
Error: RST file ''DEFAULT'_cn.rst' not found in ./docs/api
Processing: torchvision.models.MobileNet_V3_Large_Weights.IMAGENET1K_V1 -> 'IMAGENET1K_V1'
Error: RST file ''IMAGENET1K_V1'_cn.rst' not found in ./docs/api
Processing: torchvision.models.MobileNet_V3_Large_Weights.IMAGENET1K_V2 -> 'IMAGENET1K_V2'
Error: RST file ''IMAGENET1K_V2'_cn.rst' not found in ./docs/api
Processing: torchvision.models.MobileNet_V3_Small_Weights.DEFAULT -> 'DEFAULT'
Error: RST file ''DEFAULT'_cn.rst' not found in ./docs/api
Processing: torchvision.models.MobileNet_V3_Small_Weights.IMAGENET1K_V1 -> 'IMAGENET1K_V1'
Error: RST file ''IMAGENET1K_V1'_cn.rst' not found in ./docs/api
Processing: torchvision.models.MobileNet_V3_Small_Weights.IMAGENET1K_V2 -> 'IMAGENET1K_V2'
Error: RST file ''IMAGENET1K_V2'_cn.rst' not found in ./docs/api
Processing: torchvision.models.ResNeXt50_32X4D_Weights.DEFAULT -> 'DEFAULT'
Error: RST file ''DEFAULT'_cn.rst' not found in ./docs/api
Processing: torchvision.models.ResNeXt50_32X4D_Weights.IMAGENET1K_V1 -> 'IMAGENET1K_V1'
Error: RST file ''IMAGENET1K_V1'_cn.rst' not found in ./docs/api
Processing: torchvision.models.ResNeXt50_32X4D_Weights.IMAGENET1K_V2 -> 'IMAGENET1K_V2'
Error: RST file ''IMAGENET1K_V2'_cn.rst' not found in ./docs/api
Processing: torchvision.models.ResNet101_64x4d_Weights.DEFAULT -> 'DEFAULT'
Error: RST file ''DEFAULT'_cn.rst' not found in ./docs/api
Processing: torchvision.models.ResNet101_64x4d_Weights.IMAGENET1K_V1 -> 'IMAGENET1K_V1'
Error: RST file ''IMAGENET1K_V1'_cn.rst' not found in ./docs/api
Processing: torchvision.models.ResNet101_Weights.DEFAULT -> 'DEFAULT'
Error: RST file ''DEFAULT'_cn.rst' not found in ./docs/api
Processing: torchvision.models.ResNet101_Weights.IMAGENET1K_V1 -> 'IMAGENET1K_V1'
Error: RST file ''IMAGENET1K_V1'_cn.rst' not found in ./docs/api
Processing: torchvision.models.ResNet101_Weights.IMAGENET1K_V2 -> 'IMAGENET1K_V2'
Error: RST file ''IMAGENET1K_V2'_cn.rst' not found in ./docs/api
Processing: torchvision.models.ResNet152_Weights.DEFAULT -> 'DEFAULT'
Error: RST file ''DEFAULT'_cn.rst' not found in ./docs/api
Processing: torchvision.models.ResNet152_Weights.IMAGENET1K_V1 -> 'IMAGENET1K_V1'
Error: RST file ''IMAGENET1K_V1'_cn.rst' not found in ./docs/api
Processing: torchvision.models.ResNet152_Weights.IMAGENET1K_V2 -> 'IMAGENET1K_V2'
Error: RST file ''IMAGENET1K_V2'_cn.rst' not found in ./docs/api
Processing: torchvision.models.ResNet18_Weights.DEFAULT -> 'DEFAULT'
Error: RST file ''DEFAULT'_cn.rst' not found in ./docs/api
Processing: torchvision.models.ResNet18_Weights.IMAGENET1K_V1 -> 'IMAGENET1K_V1'
Error: RST file ''IMAGENET1K_V1'_cn.rst' not found in ./docs/api
Processing: torchvision.models.ResNet34_Weights.DEFAULT -> 'DEFAULT'
Error: RST file ''DEFAULT'_cn.rst' not found in ./docs/api
Processing: torchvision.models.ResNet34_Weights.IMAGENET1K_V1 -> 'IMAGENET1K_V1'
Error: RST file ''IMAGENET1K_V1'_cn.rst' not found in ./docs/api
Processing: torchvision.models.ResNet50_Weights.DEFAULT -> 'DEFAULT'
Error: RST file ''DEFAULT'_cn.rst' not found in ./docs/api
Processing: torchvision.models.ResNet50_Weights.IMAGENET1K_V1 -> 'IMAGENET1K_V1'
Error: RST file ''IMAGENET1K_V1'_cn.rst' not found in ./docs/api
Processing: torchvision.models.ResNet50_Weights.IMAGENET1K_V2 -> 'IMAGENET1K_V2'
Error: RST file ''IMAGENET1K_V2'_cn.rst' not found in ./docs/api
Processing: torchvision.models.ShuffleNet_V2_X0_5_Weights.DEFAULT -> 'DEFAULT'
Error: RST file ''DEFAULT'_cn.rst' not found in ./docs/api
Processing: torchvision.models.ShuffleNet_V2_X0_5_Weights.IMAGENET1K_V1 -> 'IMAGENET1K_V1'
Error: RST file ''IMAGENET1K_V1'_cn.rst' not found in ./docs/api
Processing: torchvision.models.ShuffleNet_V2_X1_0_Weights.DEFAULT -> 'DEFAULT'
Error: RST file ''DEFAULT'_cn.rst' not found in ./docs/api
Processing: torchvision.models.ShuffleNet_V2_X1_0_Weights.IMAGENET1K_V1 -> 'IMAGENET1K_V1'
Error: RST file ''IMAGENET1K_V1'_cn.rst' not found in ./docs/api
Processing: torchvision.models.ShuffleNet_V2_X1_5_Weights.DEFAULT -> 'DEFAULT'
Error: RST file ''DEFAULT'_cn.rst' not found in ./docs/api
Processing: torchvision.models.ShuffleNet_V2_X1_5_Weights.IMAGENET1K_V1 -> 'IMAGENET1K_V1'
Error: RST file ''IMAGENET1K_V1'_cn.rst' not found in ./docs/api
Processing: torchvision.models.ShuffleNet_V2_X2_0_Weights.DEFAULT -> 'DEFAULT'
Error: RST file ''DEFAULT'_cn.rst' not found in ./docs/api
Processing: torchvision.models.ShuffleNet_V2_X2_0_Weights.IMAGENET1K_V1 -> 'IMAGENET1K_V1'
Error: RST file ''IMAGENET1K_V1'_cn.rst' not found in ./docs/api
Processing: torchvision.models.SqueezeNet1_0_Weights.DEFAULT -> 'DEFAULT'
Error: RST file ''DEFAULT'_cn.rst' not found in ./docs/api
Processing: torchvision.models.SqueezeNet1_0_Weights.IMAGENET1K_V1 -> 'IMAGENET1K_V1'
Error: RST file ''IMAGENET1K_V1'_cn.rst' not found in ./docs/api
Processing: torchvision.models.SqueezeNet1_1_Weights.DEFAULT -> 'DEFAULT'
Error: RST file ''DEFAULT'_cn.rst' not found in ./docs/api
Processing: torchvision.models.SqueezeNet1_1_Weights.IMAGENET1K_V1 -> 'IMAGENET1K_V1'
Error: RST file ''IMAGENET1K_V1'_cn.rst' not found in ./docs/api
Processing: torchvision.models.VGG11_BN_Weights.DEFAULT -> 'DEFAULT'
Error: RST file ''DEFAULT'_cn.rst' not found in ./docs/api
Processing: torchvision.models.VGG11_BN_Weights.IMAGENET1K_V1 -> 'IMAGENET1K_V1'
Error: RST file ''IMAGENET1K_V1'_cn.rst' not found in ./docs/api
Processing: torchvision.models.VGG11_Weights.DEFAULT -> 'DEFAULT'
Error: RST file ''DEFAULT'_cn.rst' not found in ./docs/api
Processing: torchvision.models.VGG11_Weights.IMAGENET1K_V1 -> 'IMAGENET1K_V1'
Error: RST file ''IMAGENET1K_V1'_cn.rst' not found in ./docs/api
Processing: torchvision.models.VGG13_BN_Weights.DEFAULT -> 'DEFAULT'
Error: RST file ''DEFAULT'_cn.rst' not found in ./docs/api
Processing: torchvision.models.VGG13_BN_Weights.IMAGENET1K_V1 -> 'IMAGENET1K_V1'
Error: RST file ''IMAGENET1K_V1'_cn.rst' not found in ./docs/api
Processing: torchvision.models.VGG13_Weights.DEFAULT -> 'DEFAULT'
Error: RST file ''DEFAULT'_cn.rst' not found in ./docs/api
Processing: torchvision.models.VGG13_Weights.IMAGENET1K_V1 -> 'IMAGENET1K_V1'
Error: RST file ''IMAGENET1K_V1'_cn.rst' not found in ./docs/api
Processing: torchvision.models.VGG16_BN_Weights.DEFAULT -> 'DEFAULT'
Error: RST file ''DEFAULT'_cn.rst' not found in ./docs/api
Processing: torchvision.models.VGG16_BN_Weights.IMAGENET1K_V1 -> 'IMAGENET1K_V1'
Error: RST file ''IMAGENET1K_V1'_cn.rst' not found in ./docs/api
Processing: torchvision.models.VGG16_Weights.DEFAULT -> 'DEFAULT'
Error: RST file ''DEFAULT'_cn.rst' not found in ./docs/api
Processing: torchvision.models.VGG16_Weights.IMAGENET1K_FEATURES -> 'IMAGENET1K_FEATURES'
Error: RST file ''IMAGENET1K_FEATURES'_cn.rst' not found in ./docs/api
Processing: torchvision.models.VGG16_Weights.IMAGENET1K_V1 -> 'IMAGENET1K_V1'
Error: RST file ''IMAGENET1K_V1'_cn.rst' not found in ./docs/api
Processing: torchvision.models.VGG19_BN_Weights.DEFAULT -> 'DEFAULT'
Error: RST file ''DEFAULT'_cn.rst' not found in ./docs/api
Processing: torchvision.models.VGG19_BN_Weights.IMAGENET1K_V1 -> 'IMAGENET1K_V1'
Error: RST file ''IMAGENET1K_V1'_cn.rst' not found in ./docs/api
Processing: torchvision.models.VGG19_Weights.DEFAULT -> 'DEFAULT'
Error: RST file ''DEFAULT'_cn.rst' not found in ./docs/api
Processing: torchvision.models.VGG19_Weights.IMAGENET1K_V1 -> 'IMAGENET1K_V1'
Error: RST file ''IMAGENET1K_V1'_cn.rst' not found in ./docs/api
Processing: torchvision.models.Wide_ResNet101_2_Weights.DEFAULT -> 'DEFAULT'
Error: RST file ''DEFAULT'_cn.rst' not found in ./docs/api
Processing: torchvision.models.Wide_ResNet101_2_Weights.IMAGENET1K_V1 -> 'IMAGENET1K_V1'
Error: RST file ''IMAGENET1K_V1'_cn.rst' not found in ./docs/api
Processing: torchvision.models.Wide_ResNet101_2_Weights.IMAGENET1K_V2 -> 'IMAGENET1K_V2'
Error: RST file ''IMAGENET1K_V2'_cn.rst' not found in ./docs/api
Processing: torchvision.models.Wide_ResNet50_2_Weights.DEFAULT -> 'DEFAULT'
Error: RST file ''DEFAULT'_cn.rst' not found in ./docs/api
Processing: torchvision.models.Wide_ResNet50_2_Weights.IMAGENET1K_V1 -> 'IMAGENET1K_V1'
Error: RST file ''IMAGENET1K_V1'_cn.rst' not found in ./docs/api
Processing: torchvision.models.Wide_ResNet50_2_Weights.IMAGENET1K_V2 -> 'IMAGENET1K_V2'
Error: RST file ''IMAGENET1K_V2'_cn.rst' not found in ./docs/api
Processing: torchvision.ops.RoIPool -> paddle.vision.ops.RoIPool
Processing: torchvision.transforms.CenterCrop -> paddle.vision.transforms.CenterCrop
Processing: torchvision.transforms.ColorJitter -> paddle.vision.transforms.ColorJitter
Processing: torchvision.transforms.Compose -> paddle.vision.transforms.Compose
Processing: torchvision.transforms.Grayscale -> paddle.vision.transforms.Grayscale
Processing: torchvision.transforms.InterpolationMode.BICUBIC -> 'bicubic'
Error: RST file ''bicubic'_cn.rst' not found in ./docs/api
Processing: torchvision.transforms.InterpolationMode.BILINEAR -> 'bilinear'
Error: RST file ''bilinear'_cn.rst' not found in ./docs/api
Processing: torchvision.transforms.InterpolationMode.BOX -> 'box'
Error: RST file ''box'_cn.rst' not found in ./docs/api
Processing: torchvision.transforms.InterpolationMode.HAMMING -> 'hamming'
Error: RST file ''hamming'_cn.rst' not found in ./docs/api
Processing: torchvision.transforms.InterpolationMode.LANCZOS -> 'lanczos'
Error: RST file ''lanczos'_cn.rst' not found in ./docs/api
Processing: torchvision.transforms.InterpolationMode.NEAREST -> 'nearest'
Error: RST file ''nearest'_cn.rst' not found in ./docs/api
Processing: torchvision.transforms.InterpolationMode.NEAREST_EXACT -> 'nearest_exact'
Error: RST file ''nearest_exact'_cn.rst' not found in ./docs/api
Processing: torchvision.transforms.Pad -> paddle.vision.transforms.Pad
Error: RST file 'Pad_cn.rst' not found in ./docs/api
Processing: torchvision.transforms.RandomAffine -> paddle.vision.transforms.RandomAffine
Processing: torchvision.transforms.RandomCrop -> paddle.vision.transforms.RandomCrop
Processing: torchvision.transforms.RandomRotation -> paddle.vision.transforms.RandomRotation
Processing: torchvision.transforms.ToTensor -> paddle.vision.transforms.ToTensor
Processing: torchvision.transforms.functional.adjust_brightness -> paddle.vision.transforms.adjust_brightness
LOGGING: torchvision.transforms.functional.adjust_brightness Help  torchvision.transforms.functional.adjust_brightness(img, brightness_factor)
LOGGING: paddle.vision.transforms.adjust_brightness Help  paddle.vision.transforms.adjust_brightness(img, brightness_factor)
Processing: torchvision.transforms.functional.adjust_contrast -> paddle.vision.transforms.adjust_contrast
LOGGING: torchvision.transforms.functional.adjust_contrast Help  torchvision.transforms.functional.adjust_contrast(img, contrast_factor)
LOGGING: paddle.vision.transforms.adjust_contrast Help  paddle.vision.transforms.adjust_contrast(img, contrast_factor)
Processing: torchvision.transforms.functional.adjust_hue -> paddle.vision.transforms.adjust_hue
LOGGING: torchvision.transforms.functional.adjust_hue Help  torchvision.transforms.functional.adjust_hue(img, hue_factor)
LOGGING: paddle.vision.transforms.adjust_hue Help  paddle.vision.transforms.adjust_hue(img, hue_factor)
Processing: torchvision.transforms.functional.affine -> paddle.vision.transforms.affine
LOGGING: torchvision.transforms.functional.affine Help  torchvision.transforms.functional.affine(img, angle, translate, scale, shear, interpolation, fill, center)
LOGGING: paddle.vision.transforms.affine Help  paddle.vision.transforms.affine(img, angle, translate, scale, shear, interpolation='nearest', fill=0, center=None)
Processing: torchvision.transforms.functional.center_crop -> paddle.vision.transforms.center_crop
LOGGING: torchvision.transforms.functional.center_crop Help  torchvision.transforms.functional.center_crop(img, output_size)
LOGGING: paddle.vision.transforms.center_crop Help  paddle.vision.transforms.center_crop(img, output_size)
Processing: torchvision.transforms.functional.crop -> paddle.vision.transforms.crop
LOGGING: torchvision.transforms.functional.crop Help  torchvision.transforms.functional.crop(img, top, left, height, width)
LOGGING: paddle.vision.transforms.crop Help  paddle.vision.transforms.crop(img, top, left, height, width)
Processing: torchvision.transforms.functional.erase -> paddle.vision.transforms.erase
LOGGING: torchvision.transforms.functional.erase Help  torchvision.transforms.functional.erase(img, i, j, h, w, v, inplace)
LOGGING: paddle.vision.transforms.erase Help  paddle.vision.transforms.erase(img, i, j, h, w, v, inplace=False)
Processing: torchvision.transforms.functional.hflip -> paddle.vision.transforms.hflip
LOGGING: torchvision.transforms.functional.hflip Help  torchvision.transforms.functional.hflip(img)
LOGGING: paddle.vision.transforms.hflip Help  paddle.vision.transforms.hflip(img)
Processing: torchvision.transforms.functional.pad -> paddle.vision.transforms.pad
LOGGING: torchvision.transforms.functional.pad Help  torchvision.transforms.functional.pad(img, padding, fill, padding_mode)
LOGGING: paddle.vision.transforms.pad Help  paddle.vision.transforms.pad(img, padding, fill=0, padding_mode='constant')
Processing: torchvision.transforms.functional.perspective -> paddle.vision.transforms.perspective
LOGGING: torchvision.transforms.functional.perspective Help  torchvision.transforms.functional.perspective(img, startpoints, endpoints, interpolation, fill)
LOGGING: paddle.vision.transforms.perspective Help  paddle.vision.transforms.perspective(img, startpoints, endpoints, interpolation='nearest', fill=0)
Processing: torchvision.transforms.functional.rotate -> paddle.vision.transforms.rotate
LOGGING: torchvision.transforms.functional.rotate Help  torchvision.transforms.functional.rotate(img, angle, interpolation, expand, center, fill)
LOGGING: paddle.vision.transforms.rotate Help  paddle.vision.transforms.rotate(img, angle, interpolation='nearest', expand=False, center=None, fill=0)
Processing: torchvision.transforms.functional.to_grayscale -> paddle.vision.transforms.to_grayscale
LOGGING: torchvision.transforms.functional.to_grayscale Help  torchvision.transforms.functional.to_grayscale(img, num_output_channels=1)
LOGGING: paddle.vision.transforms.to_grayscale Help  paddle.vision.transforms.to_grayscale(img, num_output_channels=1)
Processing: torchvision.transforms.functional.to_tensor -> paddle.vision.transforms.to_tensor
LOGGING: torchvision.transforms.functional.to_tensor Help  torchvision.transforms.functional.to_tensor(pic)
LOGGING: paddle.vision.transforms.to_tensor Help  paddle.vision.transforms.to_tensor(pic, data_format='CHW')
Processing: torchvision.transforms.functional.vflip -> paddle.vision.transforms.vflip
LOGGING: torchvision.transforms.functional.vflip Help  torchvision.transforms.functional.vflip(img)
LOGGING: paddle.vision.transforms.vflip Help  paddle.vision.transforms.vflip(img)
Processing: transformers.LogitsProcessorList -> paddleformers.generation.LogitsProcessorList
Error: RST file 'LogitsProcessorList_cn.rst' not found in ./docs/api
Processing: transformers.StoppingCriteriaList -> paddleformers.generation.StoppingCriteriaList
Error: RST file 'StoppingCriteriaList_cn.rst' not found in ./docs/api
Processing: transformers.generation.utils.GenerateOutput -> paddleformers.transformers.model_outputs.BaseModelOutput
Error: RST file 'BaseModelOutput_cn.rst' not found in ./docs/api
Processing: transformers.modeling_outputs.BaseModelOutputWithPast -> paddleformers.transformers.model_outputs.BaseModelOutputWithPast
Error: RST file 'BaseModelOutputWithPast_cn.rst' not found in ./docs/api
Processing: transformers.modeling_outputs.CausalLMOutputWithPast -> paddleformers.transformers.model_outputs.CausalLMOutputWithPast
Error: RST file 'CausalLMOutputWithPast_cn.rst' not found in ./docs/api
Processing: transformers.utils.add_start_docstrings_to_model_forward -> paddleformers.trainer.utils.add_start_docstrings_to_model_forward
Error: RST file 'add_start_docstrings_to_model_forward_cn.rst' not found in ./docs/api
LOGGING: transformers.utils.add_start_docstrings_to_model_forward Help  transformers.utils.add_start_docstrings_to_model_forward(*docstr)
Processing: torch.Tensor.device -> paddle.Tensor.place
Error: RST file 'place_cn.rst' not found in ./docs/api
Processing: torch.Tensor.imag -> paddle.Tensor.imag
Successfully moved ./docs/api/paddle/imag_cn.rst to ./docs/api/paddle/Tensor/imag_cn.rst
Processing: torch.Tensor.is_sparse -> paddle.Tensor.is_sparse
Error: RST file 'is_sparse_cn.rst' not found in ./docs/api
Processing: torch.Tensor.is_sparse_csr -> paddle.Tensor.is_sparse_csr
Error: RST file 'is_sparse_csr_cn.rst' not found in ./docs/api
Processing: torch.Tensor.real -> paddle.Tensor.real
Successfully moved ./docs/api/paddle/real_cn.rst to ./docs/api/paddle/Tensor/real_cn.rst
Processing: torch.autograd.function.FunctionCtx.saved_tensors -> paddle.autograd.PyLayerContext.saved_tensor
Error: RST file 'saved_tensor_cn.rst' not found in ./docs/api
Processing: torch.distributed.ReduceOp.PRODUCT -> paddle.distributed.ReduceOp.PROD
Error: RST file 'PROD_cn.rst' not found in ./docs/api
Deleted temporary file: temp_torch_Tensor_argwhere_torch_code.py
Deleted temporary file: temp_torch_Tensor_argwhere_torch_code_complete.py
Deleted temporary file: temp_torch_Tensor_argwhere_paddle_code.py
Deleted temporary file: temp_torch_Tensor_bernoulli_torch_code.py
Deleted temporary file: temp_torch_Tensor_bernoulli_torch_code_complete.py
Deleted temporary file: temp_torch_Tensor_bernoulli_paddle_code.py
Deleted temporary file: temp_torch_Tensor_clamp__torch_code.py
Deleted temporary file: temp_torch_Tensor_clamp__torch_code_complete.py
Deleted temporary file: temp_torch_Tensor_clamp__paddle_code.py
Deleted temporary file: temp_torch_Tensor_col_indices_torch_code.py
Deleted temporary file: temp_torch_Tensor_col_indices_torch_code_complete.py
Deleted temporary file: temp_torch_Tensor_col_indices_paddle_code.py
Deleted temporary file: temp_torch_Tensor_conj_physical_torch_code.py
Deleted temporary file: temp_torch_Tensor_conj_physical_torch_code_complete.py
Deleted temporary file: temp_torch_Tensor_conj_physical_paddle_code.py
Deleted temporary file: temp_torch_Tensor_crow_indices_torch_code.py
Deleted temporary file: temp_torch_Tensor_crow_indices_torch_code_complete.py
Deleted temporary file: temp_torch_Tensor_crow_indices_paddle_code.py
Deleted temporary file: temp_torch_Tensor_det_torch_code.py
Deleted temporary file: temp_torch_Tensor_det_torch_code_complete.py
Deleted temporary file: temp_torch_Tensor_det_paddle_code.py
Deleted temporary file: temp_torch_Tensor_erf__torch_code.py
Deleted temporary file: temp_torch_Tensor_erf__torch_code_complete.py
Deleted temporary file: temp_torch_Tensor_erf__paddle_code.py
Deleted temporary file: temp_torch_Tensor_expm1__torch_code.py
Deleted temporary file: temp_torch_Tensor_expm1__torch_code_complete.py
Deleted temporary file: temp_torch_Tensor_expm1__paddle_code.py
Deleted temporary file: temp_torch_Tensor_fix_torch_code.py
Deleted temporary file: temp_torch_Tensor_fix_torch_code_complete.py
Deleted temporary file: temp_torch_Tensor_fix_paddle_code.py
Deleted temporary file: temp_torch_Tensor_fix__torch_code.py
Deleted temporary file: temp_torch_Tensor_fix__torch_code_complete.py
Deleted temporary file: temp_torch_Tensor_fix__paddle_code.py
Deleted temporary file: temp_torch_Tensor_hardshrink_torch_code.py
Deleted temporary file: temp_torch_Tensor_hardshrink_torch_code_complete.py
Deleted temporary file: temp_torch_Tensor_hardshrink_paddle_code.py
Deleted temporary file: temp_torch_Tensor_movedim_torch_code.py
Deleted temporary file: temp_torch_Tensor_movedim_torch_code_complete.py
Deleted temporary file: temp_torch_Tensor_movedim_paddle_code.py
Deleted temporary file: temp_torch_Tensor_mvlgamma_torch_code.py
Deleted temporary file: temp_torch_Tensor_mvlgamma_torch_code_complete.py
Deleted temporary file: temp_torch_Tensor_mvlgamma_paddle_code.py
Deleted temporary file: temp_torch_Tensor_mvlgamma__torch_code.py
Deleted temporary file: temp_torch_Tensor_mvlgamma__torch_code_complete.py
Deleted temporary file: temp_torch_Tensor_mvlgamma__paddle_code.py
Deleted temporary file: temp_torch_Tensor_negative_torch_code.py
Deleted temporary file: temp_torch_Tensor_negative_torch_code_complete.py
Deleted temporary file: temp_torch_Tensor_negative_paddle_code.py
Deleted temporary file: temp_torch_Tensor_negative__torch_code.py
Deleted temporary file: temp_torch_Tensor_negative__torch_code_complete.py
Deleted temporary file: temp_torch_Tensor_negative__paddle_code.py
Deleted temporary file: temp_torch_Tensor_pinverse_torch_code.py
Deleted temporary file: temp_torch_Tensor_pinverse_torch_code_complete.py
Deleted temporary file: temp_torch_Tensor_pinverse_paddle_code.py
Deleted temporary file: temp_torch_Tensor_retain_grad_torch_code.py
Deleted temporary file: temp_torch_Tensor_retain_grad_torch_code_complete.py
Deleted temporary file: temp_torch_Tensor_retain_grad_paddle_code.py
Deleted temporary file: temp_torch_Tensor_square__torch_code.py
Deleted temporary file: temp_torch_Tensor_square__torch_code_complete.py
Deleted temporary file: temp_torch_Tensor_square__paddle_code.py
Deleted temporary file: temp_torch_Tensor_to_sparse_torch_code.py
Deleted temporary file: temp_torch_Tensor_to_sparse_torch_code_complete.py
Deleted temporary file: temp_torch_Tensor_to_sparse_paddle_code.py
Deleted temporary file: temp_torch_autograd_Function_forward_torch_code.py
Deleted temporary file: temp_torch_autograd_Function_forward_torch_code_complete.py
Deleted temporary file: temp_torch_autograd_Function_forward_paddle_code.py
Deleted temporary file: temp_torch_autograd_enable_grad_torch_code.py
Deleted temporary file: temp_torch_autograd_enable_grad_torch_code_complete.py
Deleted temporary file: temp_torch_autograd_enable_grad_paddle_code.py
Deleted temporary file: temp_torch_autograd_function_FunctionCtx_mark_non_differentiable_torch_code.py
Deleted temporary file: temp_torch_autograd_function_FunctionCtx_mark_non_differentiable_torch_code_complete.py
Deleted temporary file: temp_torch_autograd_function_FunctionCtx_mark_non_differentiable_paddle_code.py
Deleted temporary file: temp_torch_autograd_function_FunctionCtx_save_for_backward_torch_code.py
Deleted temporary file: temp_torch_autograd_function_FunctionCtx_save_for_backward_torch_code_complete.py
Deleted temporary file: temp_torch_autograd_function_FunctionCtx_save_for_backward_paddle_code.py
Deleted temporary file: temp_torch_autograd_function_FunctionCtx_set_materialize_grads_torch_code.py
Deleted temporary file: temp_torch_autograd_function_FunctionCtx_set_materialize_grads_torch_code_complete.py
Deleted temporary file: temp_torch_autograd_function_FunctionCtx_set_materialize_grads_paddle_code.py
Deleted temporary file: temp_torch_autograd_graph_saved_tensors_hooks_torch_code.py
Deleted temporary file: temp_torch_autograd_graph_saved_tensors_hooks_torch_code_complete.py
Deleted temporary file: temp_torch_autograd_graph_saved_tensors_hooks_paddle_code.py
Deleted temporary file: temp_torch_backends_cuda_is_built_torch_code.py
Deleted temporary file: temp_torch_backends_cuda_is_built_torch_code_complete.py
Deleted temporary file: temp_torch_backends_cuda_is_built_paddle_code.py
Deleted temporary file: temp_torch_backends_cudnn_version_torch_code.py
Deleted temporary file: temp_torch_backends_cudnn_version_torch_code_complete.py
Deleted temporary file: temp_torch_backends_cudnn_version_paddle_code.py
Deleted temporary file: temp_torch_cpu_current_device_torch_code.py
Deleted temporary file: temp_torch_cpu_current_device_torch_code_complete.py
Deleted temporary file: temp_torch_cpu_current_device_paddle_code.py
Deleted temporary file: temp_torch_cuda_Event_torch_code.py
Deleted temporary file: temp_torch_cuda_Event_torch_code_complete.py
Deleted temporary file: temp_torch_cuda_Event_paddle_code.py
Deleted temporary file: temp_torch_cuda_StreamContext_torch_code.py
Deleted temporary file: temp_torch_cuda_StreamContext_torch_code_complete.py
Deleted temporary file: temp_torch_cuda_StreamContext_paddle_code.py
Deleted temporary file: temp_torch_cuda_get_device_name_torch_code.py
Deleted temporary file: temp_torch_cuda_get_device_name_torch_code_complete.py
Deleted temporary file: temp_torch_cuda_get_device_name_paddle_code.py
Deleted temporary file: temp_torch_cuda_get_rng_state_all_torch_code.py
Deleted temporary file: temp_torch_cuda_get_rng_state_all_torch_code_complete.py
Deleted temporary file: temp_torch_cuda_get_rng_state_all_paddle_code.py
Deleted temporary file: temp_torch_cuda_is_bf16_supported_torch_code.py
Deleted temporary file: temp_torch_cuda_is_bf16_supported_torch_code_complete.py
Deleted temporary file: temp_torch_cuda_is_bf16_supported_paddle_code.py
Deleted temporary file: temp_torch_cuda_manual_seed_torch_code.py
Deleted temporary file: temp_torch_cuda_manual_seed_torch_code_complete.py
Deleted temporary file: temp_torch_cuda_manual_seed_paddle_code.py
Deleted temporary file: temp_torch_cuda_max_memory_allocated_torch_code.py
Deleted temporary file: temp_torch_cuda_max_memory_allocated_torch_code_complete.py
Deleted temporary file: temp_torch_cuda_max_memory_allocated_paddle_code.py
Deleted temporary file: temp_torch_cuda_max_memory_reserved_torch_code.py
Deleted temporary file: temp_torch_cuda_max_memory_reserved_torch_code_complete.py
Deleted temporary file: temp_torch_cuda_max_memory_reserved_paddle_code.py
Deleted temporary file: temp_torch_cuda_nvtx_range_pop_torch_code.py
Deleted temporary file: temp_torch_cuda_nvtx_range_pop_torch_code_complete.py
Deleted temporary file: temp_torch_cuda_nvtx_range_pop_paddle_code.py
Deleted temporary file: temp_torch_cuda_set_stream_torch_code.py
Deleted temporary file: temp_torch_cuda_set_stream_torch_code_complete.py
Deleted temporary file: temp_torch_cuda_set_stream_paddle_code.py
Deleted temporary file: temp_torch_cuda_stream_torch_code.py
Deleted temporary file: temp_torch_cuda_stream_torch_code_complete.py
Deleted temporary file: temp_torch_cuda_stream_paddle_code.py
Deleted temporary file: temp_torch_distributed_is_nccl_available_torch_code.py
Deleted temporary file: temp_torch_distributed_is_nccl_available_torch_code_complete.py
Deleted temporary file: temp_torch_distributed_is_nccl_available_paddle_code.py
Deleted temporary file: temp_torch_distributions_constraints_Constraint_torch_code.py
Deleted temporary file: temp_torch_distributions_constraints_Constraint_torch_code_complete.py
Deleted temporary file: temp_torch_distributions_constraints_Constraint_paddle_code.py
Deleted temporary file: temp_torch_distributions_kl_kl_divergence_torch_code.py
Deleted temporary file: temp_torch_distributions_kl_kl_divergence_torch_code_complete.py
Deleted temporary file: temp_torch_distributions_kl_kl_divergence_paddle_code.py
Deleted temporary file: temp_torch_nn_AdaptiveAvgPool1d_torch_code.py
Deleted temporary file: temp_torch_nn_AdaptiveAvgPool1d_torch_code_complete.py
Deleted temporary file: temp_torch_nn_AdaptiveAvgPool1d_paddle_code.py
Deleted temporary file: temp_torch_nn_AdaptiveAvgPool2d_torch_code.py
Deleted temporary file: temp_torch_nn_AdaptiveAvgPool2d_torch_code_complete.py
Deleted temporary file: temp_torch_nn_AdaptiveAvgPool2d_paddle_code.py
Deleted temporary file: temp_torch_nn_AdaptiveAvgPool3d_torch_code.py
Deleted temporary file: temp_torch_nn_AdaptiveAvgPool3d_torch_code_complete.py
Deleted temporary file: temp_torch_nn_AdaptiveAvgPool3d_paddle_code.py
Deleted temporary file: temp_torch_nn_HuberLoss_torch_code.py
Deleted temporary file: temp_torch_nn_HuberLoss_torch_code_complete.py
Deleted temporary file: temp_torch_nn_HuberLoss_paddle_code.py
Deleted temporary file: temp_torch_nn_MaxUnpool1d_torch_code.py
Deleted temporary file: temp_torch_nn_MaxUnpool1d_torch_code_complete.py
Deleted temporary file: temp_torch_nn_MaxUnpool1d_paddle_code.py
Deleted temporary file: temp_torch_nn_MaxUnpool2d_torch_code.py
Deleted temporary file: temp_torch_nn_MaxUnpool2d_torch_code_complete.py
Deleted temporary file: temp_torch_nn_MaxUnpool2d_paddle_code.py
Deleted temporary file: temp_torch_nn_MaxUnpool3d_torch_code.py
Deleted temporary file: temp_torch_nn_MaxUnpool3d_torch_code_complete.py
Deleted temporary file: temp_torch_nn_MaxUnpool3d_paddle_code.py
Deleted temporary file: temp_torch_nn_Module_torch_code.py
Deleted temporary file: temp_torch_nn_Module_torch_code_complete.py
Deleted temporary file: temp_torch_nn_Module_paddle_code.py
Deleted temporary file: temp_torch_nn_Module_apply_torch_code.py
Deleted temporary file: temp_torch_nn_Module_apply_torch_code_complete.py
Deleted temporary file: temp_torch_nn_Module_apply_paddle_code.py
Deleted temporary file: temp_torch_nn_Module_children_torch_code.py
Deleted temporary file: temp_torch_nn_Module_children_torch_code_complete.py
Deleted temporary file: temp_torch_nn_Module_children_paddle_code.py
Deleted temporary file: temp_torch_nn_Module_eval_torch_code.py
Deleted temporary file: temp_torch_nn_Module_eval_torch_code_complete.py
Deleted temporary file: temp_torch_nn_Module_eval_paddle_code.py
Deleted temporary file: temp_torch_nn_Module_modules_torch_code.py
Deleted temporary file: temp_torch_nn_Module_modules_torch_code_complete.py
Deleted temporary file: temp_torch_nn_Module_modules_paddle_code.py
Deleted temporary file: temp_torch_nn_Module_named_children_torch_code.py
Deleted temporary file: temp_torch_nn_Module_named_children_torch_code_complete.py
Deleted temporary file: temp_torch_nn_Module_named_children_paddle_code.py
Deleted temporary file: temp_torch_nn_Module_train_torch_code.py
Deleted temporary file: temp_torch_nn_Module_train_torch_code_complete.py
Deleted temporary file: temp_torch_nn_Module_train_paddle_code.py
Deleted temporary file: temp_torch_nn_UpsamplingBilinear2d_torch_code.py
Deleted temporary file: temp_torch_nn_UpsamplingBilinear2d_torch_code_complete.py
Deleted temporary file: temp_torch_nn_UpsamplingBilinear2d_paddle_code.py
Deleted temporary file: temp_torch_nn_UpsamplingNearest2d_torch_code.py
Deleted temporary file: temp_torch_nn_UpsamplingNearest2d_torch_code_complete.py
Deleted temporary file: temp_torch_nn_UpsamplingNearest2d_paddle_code.py
Deleted temporary file: temp_torch_nn_ZeroPad2d_torch_code.py
Deleted temporary file: temp_torch_nn_ZeroPad2d_torch_code_complete.py
Deleted temporary file: temp_torch_nn_ZeroPad2d_paddle_code.py
Deleted temporary file: temp_torch_optim_Optimizer_state_dict_torch_code.py
Deleted temporary file: temp_torch_optim_Optimizer_state_dict_torch_code_complete.py
Deleted temporary file: temp_torch_optim_Optimizer_state_dict_paddle_code.py
Deleted temporary file: temp_torch_optim_Optimizer_step_torch_code.py
Deleted temporary file: temp_torch_optim_Optimizer_step_torch_code_complete.py
Deleted temporary file: temp_torch_optim_Optimizer_step_paddle_code.py
Deleted temporary file: temp_torch_utils_data_ChainDataset_torch_code.py
Deleted temporary file: temp_torch_utils_data_ChainDataset_torch_code_complete.py
Deleted temporary file: temp_torch_utils_data_ChainDataset_paddle_code.py
Deleted temporary file: temp_torch_utils_data_ConcatDataset_torch_code.py
Deleted temporary file: temp_torch_utils_data_ConcatDataset_torch_code_complete.py
Deleted temporary file: temp_torch_utils_data_ConcatDataset_paddle_code.py
Deleted temporary file: temp_torch_utils_data_Dataset_torch_code.py
Deleted temporary file: temp_torch_utils_data_Dataset_torch_code_complete.py
Deleted temporary file: temp_torch_utils_data_Dataset_paddle_code.py
Deleted temporary file: temp_torch_utils_data_IterableDataset_torch_code.py
Deleted temporary file: temp_torch_utils_data_IterableDataset_torch_code_complete.py
Deleted temporary file: temp_torch_utils_data_IterableDataset_paddle_code.py
Deleted temporary file: temp_torch_utils_data_Sampler_torch_code.py
Deleted temporary file: temp_torch_utils_data_Sampler_torch_code_complete.py
Deleted temporary file: temp_torch_utils_data_Sampler_paddle_code.py
Deleted temporary file: temp_torch_utils_data_SequentialSampler_torch_code.py
Deleted temporary file: temp_torch_utils_data_SequentialSampler_torch_code_complete.py
Deleted temporary file: temp_torch_utils_data_SequentialSampler_paddle_code.py
Deleted temporary file: temp_torch_utils_data_default_collate_torch_code.py
Deleted temporary file: temp_torch_utils_data_default_collate_torch_code_complete.py
Deleted temporary file: temp_torch_utils_data_default_collate_paddle_code.py
Deleted temporary file: temp_torch_utils_data_get_worker_info_torch_code.py
Deleted temporary file: temp_torch_utils_data_get_worker_info_torch_code_complete.py
Deleted temporary file: temp_torch_utils_data_get_worker_info_paddle_code.py
Deleted temporary file: temp_torch_utils_data_random_split_torch_code.py
Deleted temporary file: temp_torch_utils_data_random_split_torch_code_complete.py
Deleted temporary file: temp_torch_utils_data_random_split_paddle_code.py
